Input filepath: test-data/data/input//fastq_file.fastq
Information to extract:
	id
	length
Number of similarity records: 36
Number of extracted similarity records: 36
